2022-11-16 13:59:46 - test_pet_friends_fixture - INFO - log: 20 - 
Название теста: test_get_my_pets_with_valid_key,
Заголовок запроса: {'User-Agent': 'python-requests/2.27.1', 'Accept-Encoding': 'gzip, deflate', 'Accept': '*/*', 'Connection': 'keep-alive', 'auth_key': '7906654ebb5a3dbc6be5f15efb34cd4c55592ef7b671b496080d4c71'}, 
Параметр пути: /api/pets?filter=my_pets
Параметр строки: filter=my_pets
Тело запроса: None
2022-11-16 13:59:46 - test_pet_friends_fixture - INFO - log: 23 - 
Код ответа: 200, 
Тело ответа: {
    "pets": [
        {
            "age": "4",
            "animal_type": "dog",
            "created_at": "1668595212.274947",
            "id": "ad6e027b-2ebb-476a-b9b1-6b93bf3129e9",
            "name": "Kennedy",
            "pet_photo": "data:image/jpeg;base64,/9j/4AAQSkZJRgABAQAAAQABAAD/2wBDAAgGBgcGBQgHBwcJCQgKDBQNDAsLDBkSEw8UHRofHh0aHBwgJC4nICIsIxwcKDcpLDAxNDQ0Hyc5PTgyPC4zNDL/2wBDAQkJCQwLDBgNDRgyIRwhMjIyMjIyMjIyMjIyMjIyMjIyMjIyMjIyMjIyMjIyMjIyMjIyMjIyMjIyMjIyMjIyMjL/wAARCACpASwDASIAAhEBAxEB/8QAHwAAAQUBAQEBAQEAAAAAAAAAAAECAwQFBgcICQoL/8QAtRAAAgEDAwIEAwUFBAQAAAF9AQIDAAQRBRIhMUEGE1FhByJxFDKBkaEII0KxwRVS0fAkM2JyggkKFhcYGRolJicoKSo0NTY3ODk6Q0RFRkdISUpTVFVWV1hZWmNkZWZnaGlqc3R1dnd4eXqDhIWGh4iJipKTlJWWl5iZmqKjpKWmp6ipqrKztLW2t7i5usLDxMXGx8jJytLT1NXW19jZ2uHi4+Tl5ufo6erx8vP09fb3+Pn6/8QAHwEAAwEBAQEBAQEBAQAAAAAAAAECAwQFBgcICQoL/8QAtREAAgECBAQDBAcFBAQAAQJ3AAECAxEEBSExBhJBUQdhcRMiMoEIFEKRobHBCSMzUvAVYnLRChYkNOEl8RcYGRomJygpKjU2Nzg5OkNERUZHSElKU1RVVldYWVpjZGVmZ2hpanN0dXZ3eHl6goOEhYaHiImKkpOUlZaXmJmaoqOkpaanqKmqsrO0tba3uLm6wsPExcbHyMnK0tPU1dbX2Nna4uPk5ebn6Onq8vP09fb3+Pn6/9oADAMBAAIRAxEAPwDw9l54FJ168VJTWUk5rM0I6OtOxnORz2pCMGgCB0O7gdaYeDVmoWU9hVJiaGUUUUyQoziiigBdx78/Wk/CiigAooooAKKKKACiiigAooooAKKKKACiiigAooooAKKKKACiiigApcnbtycelJRQAUUUUAFFLgmj8aAEp6qSOmabu9BRub1NAF6iiioLEYZHvTcHHvT6a2RyKAI++KKmlkeK1iZDhtx/rUIvHP34439yuD+lOwXIpFxyKjqyZoHGGiZf91s/zpuy3bpMy/7y/wCFUSyCipvs+fuSxt/wLH86Q20w/wCWZI9RzQIiopSrL1Uj6ikoAKKKKACiiigAooooAKKKKACiiigAooooAKKKKACiiigAooooAKKKt6fpd/qs3lafZT3T9xEhbH1x0oAq8UlX9W0XUNCu1tdStmt52jEgRiCdp6dPoaoUAFFFFABRRRQBoMMGkpxeN+ki/nTevQ1mjRhQelFFMAmX/Roh0ByT+dVzGvoKuum6O2XP3qcbA9nFF7BYzjEOxNNdNvOcir8tk8cZfKkAZNU5fu007ktWIaUMV6Ej6GkoqiSQXEwGPMYj0JzTmO+Aucbt+M49qhqYj/Qwc/x/0oGQ0UEY6irUdkZowY2y2PunvQ3YVr7FWinyRSQttlRkPoRTKACiiigAooooAKKKKACiiigAooooAKKKKACuu8G/D7UvGSyzwTw21nC+x5pMk5xnAUdePpXI1798ElH/AAhlyRwWvWDfTatAFnRPhD4c0zY13HJqU4P3pztQf8AH9c12UVpb2cSw2tvFFGv8ESBVHp0FaAXghhgZ9uaikGQdqdsc/wCc0xHz58Y/+R1jPHNnH/Nq8+r0f4zxlPFtq2MbrNe2M/O1ecUhhRRRQAUUUUAFFFFADg7Dox/Ol82T+8aZRQBqPMkK2zS7j8gI24qZdStT1Z1+q1Rv/u249Ix/SqqRvI22NSx9hU8qZXM0bMt3bywOiTruYcbsisyROxdMDuDmp4NNdsFwSCM7V7U97GNiNr7FHB3Gk1yiU1PZkdvp4nj8zzCFzgHb1q3/AMI7cPCskMsbZXdtbg0Ou2NQhGwDAANWrG9ktmClswt9729x606U05e9sRXjNRvT3Rjvpl1HIY3iwQM8EGr9hbpHc20MyK285IbnB/8A1VrXSibJyd6jAYDOe+PesYSmVgpASRW447+xq6icJJ9DKjUVam1sy3qMS7wQuUX5QT9azrXdF85428EmtpZ/tsQhmxGw4YY+8exFRmwhtZvMkiMqkkgZ4Bp1Y8y547E4aryP2VTRk2gwrqOqtc3KM9tHGVVWGd59v51dh8M22vaVNJa7Y79MlCBtV8fwkf1piX6xSxOqiNQcYUY4qx4X1eC01OUySYQzHAxzgmuLmle6O+3c4OWGSCQpLGyOOqsMGmV03i2zSPXLuGEs6rIXhOOqN839a56a3lgWJpEIWVN8Z7MMkfzBH4V1RldEThyuxFRRRTICiiigAooooAKKKKACiiigAr3j4J3A/wCERvIgSNt4xJHui14PVy01fUtPgkgs7+5t4pTl0ilKhj74oA+sLrUbKzTzLm5jhAHWVwv865HV/ir4X0/cq373ki8bbZC2f+BHj9a+dZp5rhy88skrnqzsWP61HQB0/jnxavi/WIryO1NvHFF5ah33M3JOT+fSuYoooAKKKXaSM4NACUUUUAFFFFABRRViGFWOXYf7ooE3YmuCssikqQqKF5qVSFA2Hacdjio3hJbK7ifrjFLGsmf3gXjoe9RL1NIu/QsCeSJgxy69wOCKUoJX3M4Lv1Uf4Gojx14qMsck4yPemqjtZ6mcqCveOjJlULGvXB9eAR/SlzGegxt6Be1Q5DptPB9BSg7GUDGKhpdDaN7alyK8aNMAFiDuC/4U6EfaBv24EhO9G4x71nuSvRgeenpQZmwDlgRyGU4IrSNRrR7HPUw8Xdx0ZpyW/lNuZWYdmB5H+NWIL359k4MgxhG6Y+tZ1tezHiV/MUcZccj6GrUbBJcldyMOcHocdaHNQfNB/Iz9lKa5Kqv2ZqS2RG7au5QAQM9PofSs26iSz1WIxgKjqrge/Q/qKvRXslrHbs432ySAg4yU9ce3tSeJ4lb7FfRbRHJuU7eMnrnHYcfnmiahOPPD5lUXUpy9nUd+zNTxjbB7LRtXgOGMXlufV0P/AMSR+Vcxe6bLNpk0kSM32JvMPPHkvgggdep5xXUWjHVPA99bA7p7XbdRDvlfvf8AjpP5VzLySzWMeZniUhoywGdytyAfbOfzrCk9LdjtklKF+xztFBGDg9RRXQc4UUUUAFFFFABRRRQAUUUUAFFFFABRRRQAUUUUAFSo6hcE1EOopz/fNA0SOVKnBGahoooE2FFFFAE8O1VDHqeKuYIHAxn061Vt1yQe49atjJJOOOgFZy3NI7D42YDC9f1pGBXIOMn160qKzngqP0NI8ci4YjI9qjqWRyAtwPxNRSnagAJPNSPllwDg+lVpM9ifcVcUTJjiw3jBP1pyEk7d3brUClwFI9OBTg5ZScciqsSmSMCp5I704YPGOe1R7t8Y4yO4qaNgWAIFJjQJkMVxV61lzkt8xB4z2quxUMCOT61Yilj3AYwe5x0rKTuii4zP5fIHXOD3q9rBik0XaY2WQwrMD1BIYgkenGKy7uUbRszgnANaeoyGRLFN2R5IhJx2Ixj9azjdNMGk9yp4P1Z7LVIm6ox2sp7g8EfiOKuarHPouqRafAE8uOUvbS98McqD9MiufsEaznjl3DaTznqD6V3L/ZteshIcfbLZdyHqHUdVPv6GrbUZ36Mum7aM851G5kvNSubmUJ5kkhZtgwM55wKq1YvyDfTMG3ZbJJGOe9V66Uc7Vm0FFFFAgooooAKKKKACiiigAopWGAMdxSUAFFFFABRRRQAqglhilk++adF1NMYksSaXUfQSgjBwaKc/3vwFMQ2ilwPU/lRx60AWLdjhgOvrVmEOWxycVTg/irUtWCkDOPas5mkS7b2rORtXrwTitWDQ/tIYMpA4I5xmpdMuIVdHkXdk8qe9dJcaqltPamaCH7NNyGU88dRXNfWxZ59qOi3No7ukTNGPTkVkmIyKXQZA+8O9ezahYIYWktoybaUfIwIPX1rynUtNn0KZXuIJCG4WQSZU+x4rojqiXpuZ4iLoHUZI64oMG75o+4pRex796AxtnleoNWftFrI6yQuEk7oeA1PUWhQERRih5yKIgOM5LZ6VqXtsrwfaISMjllHUVQiRM5Awad9BW1EcjzAOmKmjjLMAMnvmomj3yZzir0UZT515GKiTsikhyI00u0t07AV0AsxcyW8anEcYDu5Hf0+tZFnEGHUbs5PvVp9ThFu/mTiNF5Zc/M59APSsWnJ2RRR1N7Vr24CqVjUqqAd2HU/zq/pOpWmmhnlm2Ljoep9sd65e7vnuZ2dcopOQB1qr1PNb+yurMzc+xNdSrPdzSoCFdyQGPIFQ0UVqQFFFFABRRRQAUUUUAFFFFAD3+6v0plPk+6v0plCGw7CilPRaSgQUUUUASRdTSS/f/Cli+8aSX7/4Uuo+gynOOR9KbT2BO0+1MEMooooEPjfa3fB61pWxxgqQcistRyOKtW7NGxCnKmokrouLNu3unjbjnHQGtHct/gzysAhygzwB9KxFZdyDd26Zq1HdeQy9OvINc7Wpoen+G702iRwStuhbGc81oeNfD1tNYSSLHvt5V+dBzsPZhXGab4ktPJwyjgdQcEn/AArqrTXBqFvDJ54/dKQrZBwM9D+VYyqSi00gtc8N1Cwk0+6aFwcdVYjqKq16P410+1uolu4WUEkggDgH8PWuBEA64rthU5kZuNmFtLMXEaudp4weafgpIYyORSxxmORWVeRzxRdzLJc5DYwoBPTnFPdhsiWPk/0PWrkCktjjB6nsKopIzfKBye/tVolvKCDJ6jNZyRaC7vlicwwAsijDFTjcfTPpWTJvkkLsOTWkIV/u0ohGPu5+oq4tLYlxbMry29KNjehrXW3HQKM1ItqO4GPYU+cXIYmxvSk2t6GugW0VuiDPWpVsIyOVINHOHIc1g+hpMH0rqRpaN0A6d6X+xlPYGjnDkOVorqToanoP0ph0AEHAB/CjnQcjOZoroW8PMCML19DUD6Eykj5qfOhcjMWlX7w+taTaNIOjVC2mXCjIGcU+ZBysrzdRUVWpba4wAYzxVcxuvVTQmJoD9xfxpuaU56GkpiCiiigCSL71EvUUkX3/AMKWXtS6j6EdSgZVTkdKiqeP7goYIjC5pdgx9afj60Dr9P50XHYbt49acAU5U9+lLnJAHr/Kk/hznjBNICQT4PzEgip1uUK/MMk96qsRyCM4waZ5a5xkjnFJxTHdotFwzfu5gPTnGK0tK1a608unLRvgE9awfL461IgC9CeRScE1YEzrp9YjliEIhVkcjLZ4z74rKFnG9yU83f3JUYHWspZWX5s/nU6Xki8hajka2KujYdIYo9qoqAdWAyWrDkgBuDwQG5XPpT3vJ3zkgA9cComkkcAFiQvIx2qkmgbR0Gl6O0kRdpoYz/AJCefc4HApt9YXT3+xGt1gRFRMP2UYz07nJP1rJgvpoGGM474NWLjUHl4WWRgfvLu4pWaDQtjSbrIRJLZ5CC3lrKN2AMnrVFZ+Dx+tLDevZ+bMgBlK+WmRnAPU/l/Oq4Un5gCoPbHSml3C5Z85j04qRZn9vzqqEZTk8jHWngNjqfegZdWZ+vr1qVJiD25PXNURu/vYPpT8kAH0pDNRZ8jIAJ71ZjusgkcEdhzWRHIVXO0VYWUbTgf1oA1lmDHIkGPUcVMsgzyx555rKikJwd3OORTkbDKdxOfU0gNXdGevOeKGEPXgD681nGTC5LEk4z35qQSBW6nI9KALRhj5GVIPrVdraNgBt69vSmCUsBk8c+9OExY5I9BxzigCF7JD2HIB6VWksFJJ2AitAykrkNwD35zShvMwGADZznOcUAYcumIVOVHHpVOTTYlJ4Iro2GckkAYwOecd6jKKxHBII+tO7FZHLNp4AyGNQtZSDp+tdO8IbsCD3NV3iPZOeucU+Zi5Uc4YJU5ximuGwNwPHetySLOBjkjpUDWxOcgVXMJxMelDMBgGr7W2e2B6mmfZM84FPmRPKyIjHPX+ppNuB64H60u0bxz05NO/hXB6nPWgYmDgn0FOKjovHy96TGVkJzyaecbsDHSgBMZLY/ug00AE9MFhkVIpBZcDPGD70h4QYxlWpDG4GcjB3c496UnsBx1xSkfeGO+4c9aMknqNp5H1oAVVyeeRjPHpSlOeOvXI7ihQeDn6GnIMg4yR2I7GkAgUHGMfTPX3o2rx8pI/z0pwC55UjHX2o5OQAPXA6H3FAxFUZz39KeNuT69aZ0bdkYPY9/8A69KpO7cx/P8ArQBL2A4NLk84yM+lNBBPVV46/wCetPBK475H1B+lIY9Y2Ycj9KXyyRjaPrTAVyccDHXPf/PrR5oBJwdw6ep+tAD8EE55A/SpFkUHknjsahEhyctz3Pp7D1pdxbvx0zSC5YzGSSAPzxTtyliFyAecH+tUydmV3ZxTt+3cD9aBlpWZRhiQfX39Kd57Lk7/AJiMYqsJOO2Bz9aTzSqkZJoAu/ae55z696BdZIHBxg1TD5JAJ45PPNBkLZy2cfjmgDQF0GXGeMZ6077RuI4y3t0+lZocEY547Y4p2/5sA8YwetAF4zjIyvyj2pDcCQEnIz1x2qojbFC5IOeuaDuRQWAWgC55+QDyMdifSl87DFcdR0H+NVCxzxytGQM54btzwKQFkz7CGB/A+tIZi7biAcdcHiqokIGMhj6HimPJuYjPuAO9MCy7KCQpzjvjioyUJztA7YxTPMDYyP8AGkd8NgncvVcUAI4XLYXjtz0qF4wW4bipc/NnrkdKapJHUfkKAMnJxngEnPFPzkluwGBilb/Wx/SmH/VSfWtDMUjcEUcEntT+VL9+3WoYvvpUif8ALWhgOycJzzQeQ2eT6Y4oTqtPb/W/hSAM/cfjng8cUgXh07g5ApP+Wa/71TL/AMfj/wC7SGMGcdAMjp6GlBG05BP96mN/H/vUn8JoAlU7vUsBx7j0oJUKOMKT27Gmf886kT/Vn/PrQMQ+5+bqRng0FuQckZ6E/wBaP+WMX+9/U0j/APLX6UAPB3gAj8P8KAQeCePXHH40w9Yv900L/rX/AAoAlwSSEBJI/i6//qpCc45XaOhHQ/1FRr9xf941PN99v+uX9aBjFyG+XOc88f0pR8wYfh16f596bH0j+o/lUj/8vH0NIBwbO0ALu9AORSB9oOzlQahHSH6VJF/rG+hoAUEDJXnHJI7mgAEBscjk81H/AMsY/wDfqaf/AFk/0oAbxnp8zdeOlKHV8KenbPBNMP8Aqo/oaLj7yfSgBWbDY7g4xQWKkkNwf0qDtF9f61K/+vb/AHKAJBIT1PGMdKUSYwCMgetVR/q5Pr/hViHo/wDu0AOMh6qAPbOMUpkxn9OahP8Arj/uinP/AK78BQCHg5HXGelNH93J9/amr0/H+lSH/XUDAA5y36UitjJ7nvmj+Mf7xqI/eWgRMXHQ857mmOGkbdwf97rUh/492+gqv2H0FAH/2Q=="
        },
        {
            "age": "4",
            "animal_type": "dog",
            "created_at": "1668595205.5070727",
            "id": "74c967c3-15ec-431a-b556-45202df25a13",
            "name": "Kennedy",
            "pet_photo": "data:image/jpeg;base64,/9j/4AAQSkZJRgABAQAAAQABAAD/2wBDAAgGBgcGBQgHBwcJCQgKDBQNDAsLDBkSEw8UHRofHh0aHBwgJC4nICIsIxwcKDcpLDAxNDQ0Hyc5PTgyPC4zNDL/2wBDAQkJCQwLDBgNDRgyIRwhMjIyMjIyMjIyMjIyMjIyMjIyMjIyMjIyMjIyMjIyMjIyMjIyMjIyMjIyMjIyMjIyMjL/wAARCACpASwDASIAAhEBAxEB/8QAHwAAAQUBAQEBAQEAAAAAAAAAAAECAwQFBgcICQoL/8QAtRAAAgEDAwIEAwUFBAQAAAF9AQIDAAQRBRIhMUEGE1FhByJxFDKBkaEII0KxwRVS0fAkM2JyggkKFhcYGRolJicoKSo0NTY3ODk6Q0RFRkdISUpTVFVWV1hZWmNkZWZnaGlqc3R1dnd4eXqDhIWGh4iJipKTlJWWl5iZmqKjpKWmp6ipqrKztLW2t7i5usLDxMXGx8jJytLT1NXW19jZ2uHi4+Tl5ufo6erx8vP09fb3+Pn6/8QAHwEAAwEBAQEBAQEBAQAAAAAAAAECAwQFBgcICQoL/8QAtREAAgECBAQDBAcFBAQAAQJ3AAECAxEEBSExBhJBUQdhcRMiMoEIFEKRobHBCSMzUvAVYnLRChYkNOEl8RcYGRomJygpKjU2Nzg5OkNERUZHSElKU1RVVldYWVpjZGVmZ2hpanN0dXZ3eHl6goOEhYaHiImKkpOUlZaXmJmaoqOkpaanqKmqsrO0tba3uLm6wsPExcbHyMnK0tPU1dbX2Nna4uPk5ebn6Onq8vP09fb3+Pn6/9oADAMBAAIRAxEAPwDN8V+K9S0nWpLa3lAjGMDA9Kwv+E/1n/nsPyFHj8f8VJN9B/KuVFePgcDhp4aEpQTbS6HXisVWjWlGMna51X/Cf6z/AM9h/wB8ij/hP9Z/57j/AL5FcrRjiuv+zsJ/z7X3HP8AXK/8zOq/4T/Wv+ew/wC+RR/wn+s/89h+QrlKX2o/s7Cf8+19w/rlf+ZnVf8ACf6z/wA9h/3yKP8AhP8AWc/68f8AfIrlcUUf2dhP+fa+4X1yv/Mzp3+IOtKpbzh2/hFO/wCE/wBaDEef3/uiuRmH7o/UfzqQ8MfrR/ZuE/59r7h/XK/8zOr/AOE/1r/nsP8AvkUf8LA1r/nsP++RXKUGj+zsJ/z7X3B9cr/zM6r/AIWBrX/PYf8AfIo/4WBrX/Pcf98iuUoo/s7Cf8+19wfXK/8AMzq/+Fga1/z3H/fIo/4WBrX/AD3H/fIrk6KP7Own/PtfcH1yv/Mzqz8QdZH/AC3H/fIqJviNrIz+/H/fIrkpJKqSPk0nl2E/59r7hrF1/wCZnZt8S9aH/Lcf98imf8LN1v8A57D/AL5FcSfetrR/Cer62oktLbEJOPNkO1fw7n8Kh5dg1q6a+4tYuv8AzM2/+Fna3/z2H/fIpf8AhZutf89v/HRWhD8JL5lUy3e3PX93tGfqf8KZqHwteziDHUo4j6ykYP8AKsnhMBtyL7ivrOI/mZTHxM1o/wDLcf8AfIpw+JWtH/lsP++RWJeeDdXtcmKOO7QfxWzh/wBOv6VhSRSQyGORHjdeqsCCPwrRZdg3tBfcT9br/wAzO8HxG1o/8tx/3yKX/hYutf8APcf98iuCWRl7mp1lPfFX/ZuE/wCfa+4Txdf+Zncf8LD1v/nsP++RS/8ACxNa/wCeqn/gIrjFk9v1pTJweop/2dhP+fa+4n65X/mZ2X/CxNZ/564/Af4Uo+Ims/8APZfxWuK8zB604OD3z+NH9nYT/n2vuH9br/zM7UfEXV+8in6Yp4+IeqE8zEfVK4diMYApm4qeCRR/Z+F/59r7hfW6/wDMzvl8fao/3blT+Apk3j3WkC7JQR34HFcMZW7tke4pBMRkdvYkUv7Owv8Az7X3B9br/wA7O7j8ea0+/dLtwcDgc+9Sf8Jzq/8Az3H/AHyK4UXjjqT+PNSLeHvtP5ij+z8L/wA+19wfW6/8zO2HjnWCwHnj/vkVu6jcSXcdjPKcu9sCT/wJq8wjuwZANp69iDXpMxzYaaf+nUf+hNXnY/DUaLg6cUnrt6HZhK1Sopc7vsYXj7/kZJvoP5VyuK6rx9/yMc34fyrla9LLv90p+iOLGfx5eoUUUV2nMGKKWkFABQRS9qKYiKUHy/xH8xTz1NMm/wBWP95f5ipG+9SGJQRS0YpiG0UpFGKBjTUMj44p8jACqcjUmxpDZHq7pOjyam7OzGO3QZeTH8qfYaSZ42uLnckK88d/T866Fb9dN05I7eHpyPTd2/qajdpbX/JA5cqdtX+pa0zR7GCZUNmu0fMxfl8ds56Zr0TSdesQpWKGKGGBMk5PCjr06VwmnRTTwZlkLPJ80jf3jWrbRy2vyou139D2/pXBXnGT91aGtPmS956m5qOt634i2waVAun2GM/bLvCu49UTqP5/SsyLw8C2Zpru6lPJkEY5P1bJ/WpFm8v551ZvZjnNQz+N57ZTbx7AOwVefwrOFWa0p6f13HKnGXx6mlLp15FaGExzC3GCA8u7+nFc3rGjQXyBLmMy4GFc/fX/AIF1A9sEUl14gv7geY85jQ85kasxdaHncahAzE8A963Xt3q3clUIR+GNvwOS1jQ59Kk3EF7djhZP6GswcV6b9vtp7d4ry3Qxv1xyrCuI1nRm06XzISXtWPytnJX2P+Nb06rfuy0Y3GxQjORUlRR1KK3RmxCKbtHpUmKTFMRGR9RSHP8AeNSEGmMODSGR7mJzxxTt/tTFDZAOPenkUDDcM9aA30puKaRQBPGR5q/WvV3/AOQdpn/XoP8A0Jq8khH71frXrbf8g3S/+vQf+hNXj5p8VP5/kejgdpfIxPH3/IyTfh/KuWrqPH5/4qSb6D+VcrniuzLv90p+iOTGfx5eov1pe9M3c0ua7TmH8UlGaKBB+NFFB6UAVpJgzmLacqVOfxFSLMsruoPKnBpJQM59WX+YpwUKzEAAk80DHilo7UlAATTWOBTifWoJXwPegCKVsn2q5BpEhRJrghAxG2P+Ij3/AAp2iQLNqAkkAMcPzEHue1bV3L5t1IFBxGrbs93I5/oPwrGc1Z36fm/6uPVNJEU8eNkLbQFbc+05y3p+A4/OmshlvIo2UBFJIwPYdfwqNGDajICw2sd6+4IzWhsha6WUuTgZ2k8ZxjisKtXlqTi+1l+gQjeEWvVm1aERIi568kVrecYZA4CkkdT0zXP2U5lk3E5+atSRG4wwwSDmuG7ubog1zUzFHtxl3HC+lcrc3cenmNWZGvLhvl8xtqrnuSegrSvZlkvpriY/urdck+9efXl3Je3r3Mp5c8D0HpXfh6SSux3srkmoXV1dTuLibeysR8jZX8MVXRlGCQDinblBHSkNrL9nNwAPJ8zy87hnOM9M5/Gusgv2Oq3dgxA3SW27aQ3I/Ount57e9szt+aCQEFT/AAH0riA7hPLLtsJ3bc8Z9cetXtOvzYXkbZPkycOv9azqU1JDT6Mknt2tbqSBuqHH1HahRW3r0CSQW94g5/1bn17g/wA6x0HFVB3WpnJWY0rTSOalIppFUSR0hFPxSYoAjA5P1oIpwHX60YoGR4ppFS4pCKQDIh+9X61603/IN0z/AK9R/wChNXlMQ/er9a9Wf/kHaZ/16j/0Jq8jNPip/P8AI9HA7S+RheP/APkZJvw/lXKc11fj/wD5GSb6D+VcpXZl3+6U/RHLjP48vUB1p386aKK7TmHikJpKM0AOzxSZpKTpQA2X7o/3l/mKkzUUvKr/AL6/zFSHrQAuaM02loARjgc1DDE91cCJOM9T6CnStgVoabCII2kYfvCM/QVnVnyoaRcYWthK0MGSI4wrE/xMeT/hTJJ4/tN1hwxZt4Ps3P8AiKdrsJg1KScfPBdYkjk7HjkVngeYeByepx1rHEx5JTg11uv69CaLU4xmn0/r8SzaxxveF2VRIeN2OaleZvMn28FFABqpFLtmgJ+UhsN9asSoDNd7evX61yPfU3L2h3G1l35yTj610t3IBaFjwxHHPauU0tnfH8KjnIHHtW5ciT7OC+GIBOT1qJfEUjm9VkKeHZnJ5mmCn8648sDGy++RXV61lvCy4/hnya5ADB5r1aa90J7li4tTAYx58Uu9A+Ym3bc9j70xMDr1pcgLx1okVmZ5EHyjG4jsTVkg4L7Ni5bB4HtUfzHGelA3ZGfSnvjyRxzmgR1ltKbzw1Ip5KKGP1U81lqOKteHX3aVdofRx/47VYdKzju0KYYpuKdmkzVkDcYpCKdSHpQBF6/X+lLTFTGPmPB/PipKBjaQ040UgCIfvF+tepyf8g7TP+vUf+hNXlsf+sX616lJ/wAg7TP+vUf+hNXkZp8VP5/kejgdpfIwfiB/yMk30H8q5QGuo+ITAeJJsnsP5VyYkU9GFdmXf7pT9EcuM/jy9STNGajDj1FLvHrXacxJmjPFR7xS7hQA/NJTcg0Z96ACXov++v8AOn1VMjtJgrhQ64PrzT4ZXctuUgA45oGT0hpM0hbAoEIg8y4VT0zk1rRsRGT3K8VlW3+sLdulaBkwEOcA1x1lzz5TSOiITvKkNkqOQCeB+FLEjeSq8hs/KasOoZtv4ZqxCiqgQdeuaiu7WHEpSxs8BwMTAZx7ircUwNxA4I/eoY2P+0KcYsMrjqfyxWfOrxytGjAqTvTHYjtWK97QZpaXKPtIifATcQQe9bM+2QSyxoXXG0gnp9K5RpirLOMhicn6966a3VLiCJ424brk0pKzuBjXduZ9EvocEPG28L+tcWT+7P14r0W422+oAsQYp12P9e1cJqdi1hqEkJHyZyh9RXoUZXiVLVJlWSOSMhWxkjPDA/yoQA8nrTwNrKR1zmo2OGbHTNbED5CNqY6+1R5JwO1Ayx57VIwJEaqMseAB35oA6DRx5ei3DnjcGx79B/Wq9XpUW00qK2z85Iz+HJ/U/pVDNRHW7FPewd6KSkzVEC5pCaQmmmgAB5P1ozSdzRQMWkzSUUgHxn94v1r1KT/kHaZ/16j/ANCavLI/9Yv1r1OT/kHaZ/16D/0Jq8jNPip/P8j0cDtL5HO/EOZU8STAhjwOn0rj/tcBOOc+mK634gso8XurHAYD+VcTfQG3mDgcV1Za/wDZKfojDFr9/L1LJntjw2PxFNJt+oOPwqOaETW+9Bz1FPtCLm2Mbcsnb1ruOaw4NAf414p2YCOHA/4FVe1URXD274wfuk+lMkjFpeDI+RvXtQFi4BF2f/x6n7UIyJP1qhd25iIkT7vWkki8yESR5HHIFMLGh5W4j5ycEGjYw6E/lWeiebb7lJDDg0tuTIjIWIkXnr1oFYvmNh3/AEppViOoqpbyN5piklcHsQx6UCSWO5MUsr4P3TmgLF9AUhHqeeKk87zrbCL8yj8amSLzLOI5w46n1qixe1uMEEA1ywacmWXtOnaeTDDletawhKh26HqD6Vk2bCN2kUfeIHFbSSl4VGfmbg1zYhvnGiud0aqW+VR19TWZc5L4O4EHKkVtXLrIXAYDA4yKzHiwxLAMMdaiDsIacTR44BYfkauaVM6RtCwxg4wayVkWF/v9+K0UT7QFmiI8xeoJ+8K0asBfaSO4/wBHlGF7sOx7VR1CwF9GbOcgXUQzHJ2YVeTytvnoCR1Ze4PpSXDpdogYcrysinBWnTm4stM4K5gntZfLmRkYevemBeK7l7OW7tys1ut5H/fj+8v4VlP4et93ym6T1Uxkn+VdsakWhcvY5yQ/vMAc8dK3tJ0xoCLu6G1guVVh90f3jWha2FvYfOqCN+pln+8PoOv8qqXmpwzRmJJCIs/MT1Y/UfypOfN7sQ21ILq58+YsM7RwoPpUG6jNvjiUfnSFUP3ZlH1Iq0rKxkLuo3UCMH/lqM/UUvkZHEn6UwG5puakNu+OHH5U3yX/ALw/KgLEYkXJ5607NJ9lYEcLx0xQY5B2zSGGaTNHlyEcD9aTy5f7h/OgCSM/vV+teqP/AMg7TP8Ar0H/AKE1eUxrIJVyh616s/8AyDtM/wCvQf8AoTV5GafFT+f5HoYHaXyOV+J6n/hIZJF6rg5/Cuc3Le2KP1JGGHvXUfEcg+Ip1JHQfyriLKfyJmhJ+R668t/3Sn6Iwxf8aXqSWkhQvbv1HT6VHuNrd7hwrdaLsCOYSoeQeafcATQ7hg8ZBFdpzj7xSQsq/eQ5+oqaZUvrASL98Cq9rOJITG/3l4otJBbXLQsfkfpQIks5Fmtmgl4deOaitj5Fw1u/3T0ps+Le6Eg6E4anXqg7ZYz7g0ANGLS85/1b8GnXMf2W4WZOVzz7ikZ1urboN4ohk863Mbn514/CgY65iDIs0RP95aJEF3arKh+dRSWcm0tbOR6oT60Li1u8E4ik/Q0CL+nTs0ShicdD7GrEsUZc+YCyt61SgHlTFc/K1afnq6hWTOOPrXDUTjLQoo248slMnZu4z1xWzbsGdAR+NZzrtmjOQNxxWnDtiYE8EjI+lZVHfUBLllKMP4gccis+XzYxuLZU+prUKh3A6Dvms2/VQCFbP1qoR1sBnTDfH1GMc+1JZ3M1s42n5f5VAV82NnjcEKSGXvTI59mGCsfcV1OnpYEdHFeebltuGPUjvTzdpEMMrBfQViRzFjlXZPwpxld8kENjvmsfZMexrNqAyWiZ4voMVXk1O5IIN3OQewJqkvnSjO7jpxU0dpgb+WbP0xVKlZaiuQTTny5GdTt289yfxqiu2J9rc28n6VoXMqW+3eNyucH2FUWjWJzC3MUnKN6e1b0l7omHlBHNtL35jb1oKGUEcLcRd/71KuZU+yynEicxP/SlXfOufu3EXUetaCGFQ6faUXJXiVP60KkaMFbmGX7rf3TT/MKsLmJT6SpTJFWP7vNvLyvsaBiNCyEwtxIOUb+8Kb/tgH5eHTPSpATIot5D86cxvSAlj5ij96nDr6igBRGwYAStsk+4+eh9KbmdSVLv5idVz1FSDywvrBJ3/uGlO5yEZv38fKv/AHxQAgduG81vKfjP90+9ITcAMgf94nJH94eopgcLucD5CcSJ6H1qQDdtj3YccwyevsaACKeXzUO8FGPBx0Poa9XfP9naZnr9lH/oTV5TGVMu8LjJxLH6H1FerP8A8g7TO/8Aog/9CavHzT4qfz/I9DA7S+Rz3xDgjl8STbxngfyrjzZQf3P1rr/iH/yMk34fyrkh612Zav8AZKfojmxj/fy9RBZQH+HP1NJ9hgC8J+TU/POMDrQT84I7V22Oa5F9hhH8Jz9aRrS36kH/AL6qZiDnnnuKqTk4AHeiwXH/AGaF+pYj/ep4so8Yy+PTNV2VY7gLEzFCP4qtKcjrRYLiDT4h0Zh9DTRp8atkO4PrUpyKTdj1osF2R/2chbO9s9jQ9gGGGlcipC5/hyKTcehNFguIsBiAPmMw9DV2BuCG4cdzVIknGTV9HDRgAciuXELUpD7qVVjTaRkEdPyq3BKGTJ5wMZrHn+edV3H61qWhVWO/bj1NZeyukFzRQiNFAHOMnNYmpSefIwQ47A46VZvb9FBCncx4HsKxy7MxJJrajStqxNka2bxuXWXBPXjg0R2kkblllAz1+XipdxxjJoyw7n866bCuRfZJSxPnde2OKWKF7Xc24Mp6jFSbiMDJpN7Z+8aVguT2y5mXByrdK1XiVVUE9OTWJbBkl3KeAa1JroOjZPYCs5bD6mdfRvPIUUqExjB9ar/Y5mg8tnQqOhIPFNiuHd2YseScVLvb+8auMbKwNkbWU7Kv7xNy9G5zSvb3LSrICgcdSO9PEr/3jSedJ/eNMLjDBcCQuNg3feAPWmrbzojxkIY2/hJ6VL5z4+8aTznAxuOKAuQeRMUCkrlehzyKkMNwzK4Chx1OetRO7F8GTaME5p8M0hUcmgYv2adWb5F2t1XdTfIuNgG3lTlWzyKmEsn96jzZMnmgVyMxzlw4iAbGGweDSLBMFZDHlDyOeQal86QD736Unnyc/N+lABGJ/Ojdo/nHDHPDD3r1Z+NO0zj/AJdR/wChNXkyTObhAXx+Fesvzpuln/p0H/oTV4+afFT+f5Ho4HaXyOc+Ihx4km/D+VcjzjPb1rq/iOJD4ml2DsO3tXH7bnGMfpXZlrX1Sn6I5sYv38vUl3DPekz83NR7Lk9qPKuPSu26OaxIV5pjxhl9aTyrj0NL5VxjHai6CwxYgjE81MvSmeRPQILii6CxL+NNNJ5Fx6mkNtcHq1F0Fh3bNIOaT7JP/e/WlFpPj7/60XQWDHBrQWEhUIFZ/wBkuM/6z9a3NN3m3VHPzp8ufX0qJ2YIyFKrqaBxhQwBrUureWMBY8lehBH9azb2ymF/I28/ezWysh8teeDg0tLaDOfm3LcMr9R2oFSXVk813LKHI3NkCmDT5P75q00hCc0Zyad/Z8n980v9nP8A3zRzICPPNHHrT/7Nb++aX+zT/fNHMgLOmIs0rR5G4j5Qe9Le2siQy8ABc5Oc1Fa2rWtykwY/KefpWner59o6YI39TUt6gc5GoUDFS/SphpSj+Jqd/ZY9WquZAVQMCl4xirX9lA92o/soe9HMg0KnQdaQlc9RVz+yR7/nS/2Snofzo5kGhnOqueopVKrxmtH+yU9D+dH9lR/3T+dK6Hco7wf4hRvXkbq0BpUX900v9lRf3aLoDMLrn7wpNy+o/OtX+yof7oo/suH+4KLoLoy49jSpyOtett/yDdL/AOvQf+hNXncemRB1OxetejTLtsdNUdrUf+hNXkZpq6b9fyPQwL0l8jM8bW3m+IJjj0/lXOfYh3UV2XiuMNrcufb+VYZiWunAf7rT9EcuLf7+XqZP2Ef3RS/YvYVqeWlGxM4zXYc5mfYvYUv2L2FaYjTFL5ae9AjL+x/Sj7GfRa1PLX/Io8tc9BQBl/Y6PsVam1R/+qjA/uk/hQBmfYhR9jA7VpHH/PNqTcoH+qagDO+yChVW2kRj0Y4NXzMg/wCWZ/Oq100VxAY2V1J5DKeQaLDTEmtC0rb/ALw9u3aobVA8kkRIBjBPzdOKzJtOEs8kkl1KfMO44XnP50+GTydQVZXdkYYMjcE8d/ehrQehoi2STLDofQUv2NPQ1nxeILO2yF8xoyflz6e/vWkNVgYAhWIPTBosxNWE+xrjoaPsiinf2pD/AHGpRqkPdWosIZ9mWl+zD0p41K2PVf0qQX9sR1x+FAFc2uVIx1pEdWgZmB3ccD071bW9tyev6VnSl4ZZ5IUEq7S0a/7XoRSsNFhIA6hl5B6HNO+z/wCc1m6ff6hHcAS6e3kM2GwOV966AlD0C07A9Cj9mNHkf5zV7APYUoRf7tAih9mzS/ZKv4H92m59E/WgCj9k+lJ9l+tX8/7NGR/doAo/ZT1B/Wk+yn1q/kegpOvZfzoAo/ZjR9m96v49qTb7UAUVt/mHIrsLsYtdPH/TqP8A0Jq55V5Hy10d9/qLD/r2H/oTV5WZ/Y9X+R6OA+18iTxJp13cavK8UEjqcchcjpWP/Y2oZ/49Zf8Avk16kOgorwKOf1aVONNQWit1PSqZXTqTc3J6nlo0a/8A+fST/vk0f2Lf/wDPrJn/AHTXqVFa/wCslX+RfeyP7Ip/zM8t/sa//wCfST/vk0v9j6h/z6Sf98mvUaKP9ZKv8i+9h/ZFP+Znl39j6j/z7Sf980o0fUR/y7Sf9816hRR/rJV/kX3sP7Ip/wAzPMP7I1D/AJ9pP++aX+ydR7W0v4LXp1FH+slX+Rfew/sin/MzzL+yNR/595f++TSf2RqGebeQ/wDADXp1FH+slX+Rfew/sin/ADM8x/se+/59ZD/wA0h0S8P/AC5v/wB8GvT6KP8AWSr/ACL72H9kU/5meWnQbv8A585P++KQ+H7ojDWTke6V6nRR/rJV/kX3sP7Ip/zM8m/4RVhnGmdev7r/AOtTl8NXCgAWDgDoAler0Uf6yVv5F97D+yKf8zPKf+EauP8Anxk/75o/4Rm472Un/fNerUUf6yVv5F97D+yKf8zPKh4auB/y5Sf98mj/AIRu5z/x5Sf9816rRR/rJW/kX3sP7Ip/zM8rHhy5HWyk/wC+aePD9yBxZy/9816jRR/rJW/kX3sP7Ip/zM8vGhXg/wCXST/vk0f2JfdrWT/vk16hRR/rJV/kX3sP7Ip/zM8w/sS+/wCfaT/vk0f2Le/8+0v/AHya9Poo/wBZKv8AIvvYf2RT/mZ5j/Y19/z6yf8AfJpP7Fv+1rJ/3ya9Poo/1kq/yL72H9kU/wCZnmB0XUP+fVz/AMBpp0S/P/LrJ/3ya9R70Uf6yVf5F97D+yKf8zPLf7F1AH/j0k/75NNOjahn/j0l/wC+a9Uopf6yVf5F97D+yKf8zPKv7G1L/n1lH/ATQNG1QH/j3k/74r1Wij/WSt/IvvYf2RS/mZ5aukajkbraT/vitfU42iSyRwVYWwBB/wB5q7uuR8Vf8hOL/riP/Qmojms8bUjCUUrXf4FLBQw8W4u9z//Z"
        },
        {
            "age": "10",
            "animal_type": "buldog",
            "created_at": "1654776258.2548623",
            "id": "a8753bd4-af51-4402-b6bd-aaf442faa0d5",
            "name": "Cherchil",
            "pet_photo": "data:image/jpeg;base64,/9j/4AAQSkZJRgABAQAAAQABAAD/2wBDAAgGBgcGBQgHBwcJCQgKDBQNDAsLDBkSEw8UHRofHh0aHBwgJC4nICIsIxwcKDcpLDAxNDQ0Hyc5PTgyPC4zNDL/2wBDAQkJCQwLDBgNDRgyIRwhMjIyMjIyMjIyMjIyMjIyMjIyMjIyMjIyMjIyMjIyMjIyMjIyMjIyMjIyMjIyMjIyMjL/wAARCACpASwDASIAAhEBAxEB/8QAHwAAAQUBAQEBAQEAAAAAAAAAAAECAwQFBgcICQoL/8QAtRAAAgEDAwIEAwUFBAQAAAF9AQIDAAQRBRIhMUEGE1FhByJxFDKBkaEII0KxwRVS0fAkM2JyggkKFhcYGRolJicoKSo0NTY3ODk6Q0RFRkdISUpTVFVWV1hZWmNkZWZnaGlqc3R1dnd4eXqDhIWGh4iJipKTlJWWl5iZmqKjpKWmp6ipqrKztLW2t7i5usLDxMXGx8jJytLT1NXW19jZ2uHi4+Tl5ufo6erx8vP09fb3+Pn6/8QAHwEAAwEBAQEBAQEBAQAAAAAAAAECAwQFBgcICQoL/8QAtREAAgECBAQDBAcFBAQAAQJ3AAECAxEEBSExBhJBUQdhcRMiMoEIFEKRobHBCSMzUvAVYnLRChYkNOEl8RcYGRomJygpKjU2Nzg5OkNERUZHSElKU1RVVldYWVpjZGVmZ2hpanN0dXZ3eHl6goOEhYaHiImKkpOUlZaXmJmaoqOkpaanqKmqsrO0tba3uLm6wsPExcbHyMnK0tPU1dbX2Nna4uPk5ebn6Onq8vP09fb3+Pn6/9oADAMBAAIRAxEAPwDw9l54FJ168VJTWUk5rM0I6OtOxnORz2pCMGgCB0O7gdaYeDVmoWU9hVJiaGUUUUyQoziiigBdx78/Wk/CiigAooooAKKKKACiiigAooooAKKKKACiiigAooooAKKKKACiiigApcnbtycelJRQAUUUUAFFLgmj8aAEp6qSOmabu9BRub1NAF6iiioLEYZHvTcHHvT6a2RyKAI++KKmlkeK1iZDhtx/rUIvHP34439yuD+lOwXIpFxyKjqyZoHGGiZf91s/zpuy3bpMy/7y/wCFUSyCipvs+fuSxt/wLH86Q20w/wCWZI9RzQIiopSrL1Uj6ikoAKKKKACiiigAooooAKKKKACiiigAooooAKKKKACiiigAooooAKKKt6fpd/qs3lafZT3T9xEhbH1x0oAq8UlX9W0XUNCu1tdStmt52jEgRiCdp6dPoaoUAFFFFABRRRQBoMMGkpxeN+ki/nTevQ1mjRhQelFFMAmX/Roh0ByT+dVzGvoKuum6O2XP3qcbA9nFF7BYzjEOxNNdNvOcir8tk8cZfKkAZNU5fu007ktWIaUMV6Ej6GkoqiSQXEwGPMYj0JzTmO+Aucbt+M49qhqYj/Qwc/x/0oGQ0UEY6irUdkZowY2y2PunvQ3YVr7FWinyRSQttlRkPoRTKACiiigAooooAKKKKACiiigAooooAKKKKACuu8G/D7UvGSyzwTw21nC+x5pMk5xnAUdePpXI1798ElH/AAhlyRwWvWDfTatAFnRPhD4c0zY13HJqU4P3pztQf8AH9c12UVpb2cSw2tvFFGv8ESBVHp0FaAXghhgZ9uaikGQdqdsc/wCc0xHz58Y/+R1jPHNnH/Nq8+r0f4zxlPFtq2MbrNe2M/O1ecUhhRRRQAUUUUAFFFFADg7Dox/Ol82T+8aZRQBqPMkK2zS7j8gI24qZdStT1Z1+q1Rv/u249Ix/SqqRvI22NSx9hU8qZXM0bMt3bywOiTruYcbsisyROxdMDuDmp4NNdsFwSCM7V7U97GNiNr7FHB3Gk1yiU1PZkdvp4nj8zzCFzgHb1q3/AMI7cPCskMsbZXdtbg0Ou2NQhGwDAANWrG9ktmClswt9729x606U05e9sRXjNRvT3Rjvpl1HIY3iwQM8EGr9hbpHc20MyK285IbnB/8A1VrXSibJyd6jAYDOe+PesYSmVgpASRW447+xq6icJJ9DKjUVam1sy3qMS7wQuUX5QT9azrXdF85428EmtpZ/tsQhmxGw4YY+8exFRmwhtZvMkiMqkkgZ4Bp1Y8y547E4aryP2VTRk2gwrqOqtc3KM9tHGVVWGd59v51dh8M22vaVNJa7Y79MlCBtV8fwkf1piX6xSxOqiNQcYUY4qx4X1eC01OUySYQzHAxzgmuLmle6O+3c4OWGSCQpLGyOOqsMGmV03i2zSPXLuGEs6rIXhOOqN839a56a3lgWJpEIWVN8Z7MMkfzBH4V1RldEThyuxFRRRTICiiigAooooAKKKKACiiigAr3j4J3A/wCERvIgSNt4xJHui14PVy01fUtPgkgs7+5t4pTl0ilKhj74oA+sLrUbKzTzLm5jhAHWVwv865HV/ir4X0/cq373ki8bbZC2f+BHj9a+dZp5rhy88skrnqzsWP61HQB0/jnxavi/WIryO1NvHFF5ah33M3JOT+fSuYoooAKKKXaSM4NACUUUUAFFFFABRRViGFWOXYf7ooE3YmuCssikqQqKF5qVSFA2Hacdjio3hJbK7ifrjFLGsmf3gXjoe9RL1NIu/QsCeSJgxy69wOCKUoJX3M4Lv1Uf4Gojx14qMsck4yPemqjtZ6mcqCveOjJlULGvXB9eAR/SlzGegxt6Be1Q5DptPB9BSg7GUDGKhpdDaN7alyK8aNMAFiDuC/4U6EfaBv24EhO9G4x71nuSvRgeenpQZmwDlgRyGU4IrSNRrR7HPUw8Xdx0ZpyW/lNuZWYdmB5H+NWIL359k4MgxhG6Y+tZ1tezHiV/MUcZccj6GrUbBJcldyMOcHocdaHNQfNB/Iz9lKa5Kqv2ZqS2RG7au5QAQM9PofSs26iSz1WIxgKjqrge/Q/qKvRXslrHbs432ySAg4yU9ce3tSeJ4lb7FfRbRHJuU7eMnrnHYcfnmiahOPPD5lUXUpy9nUd+zNTxjbB7LRtXgOGMXlufV0P/AMSR+Vcxe6bLNpk0kSM32JvMPPHkvgggdep5xXUWjHVPA99bA7p7XbdRDvlfvf8AjpP5VzLySzWMeZniUhoywGdytyAfbOfzrCk9LdjtklKF+xztFBGDg9RRXQc4UUUUAFFFFABRRRQAUUUUAFFFFABRRRQAUUUUAFSo6hcE1EOopz/fNA0SOVKnBGahoooE2FFFFAE8O1VDHqeKuYIHAxn061Vt1yQe49atjJJOOOgFZy3NI7D42YDC9f1pGBXIOMn160qKzngqP0NI8ci4YjI9qjqWRyAtwPxNRSnagAJPNSPllwDg+lVpM9ifcVcUTJjiw3jBP1pyEk7d3brUClwFI9OBTg5ZScciqsSmSMCp5I704YPGOe1R7t8Y4yO4qaNgWAIFJjQJkMVxV61lzkt8xB4z2quxUMCOT61Yilj3AYwe5x0rKTuii4zP5fIHXOD3q9rBik0XaY2WQwrMD1BIYgkenGKy7uUbRszgnANaeoyGRLFN2R5IhJx2Ixj9azjdNMGk9yp4P1Z7LVIm6ox2sp7g8EfiOKuarHPouqRafAE8uOUvbS98McqD9MiufsEaznjl3DaTznqD6V3L/ZteshIcfbLZdyHqHUdVPv6GrbUZ36Mum7aM851G5kvNSubmUJ5kkhZtgwM55wKq1YvyDfTMG3ZbJJGOe9V66Uc7Vm0FFFFAgooooAKKKKACiiigAopWGAMdxSUAFFFFABRRRQAqglhilk++adF1NMYksSaXUfQSgjBwaKc/3vwFMQ2ilwPU/lRx60AWLdjhgOvrVmEOWxycVTg/irUtWCkDOPas5mkS7b2rORtXrwTitWDQ/tIYMpA4I5xmpdMuIVdHkXdk8qe9dJcaqltPamaCH7NNyGU88dRXNfWxZ59qOi3No7ukTNGPTkVkmIyKXQZA+8O9ezahYIYWktoybaUfIwIPX1rynUtNn0KZXuIJCG4WQSZU+x4rojqiXpuZ4iLoHUZI64oMG75o+4pRex796AxtnleoNWftFrI6yQuEk7oeA1PUWhQERRih5yKIgOM5LZ6VqXtsrwfaISMjllHUVQiRM5Awad9BW1EcjzAOmKmjjLMAMnvmomj3yZzir0UZT515GKiTsikhyI00u0t07AV0AsxcyW8anEcYDu5Hf0+tZFnEGHUbs5PvVp9ThFu/mTiNF5Zc/M59APSsWnJ2RRR1N7Vr24CqVjUqqAd2HU/zq/pOpWmmhnlm2Ljoep9sd65e7vnuZ2dcopOQB1qr1PNb+yurMzc+xNdSrPdzSoCFdyQGPIFQ0UVqQFFFFABRRRQAUUUUAFFFFAD3+6v0plPk+6v0plCGw7CilPRaSgQUUUUASRdTSS/f/Cli+8aSX7/4Uuo+gynOOR9KbT2BO0+1MEMooooEPjfa3fB61pWxxgqQcistRyOKtW7NGxCnKmokrouLNu3unjbjnHQGtHct/gzysAhygzwB9KxFZdyDd26Zq1HdeQy9OvINc7Wpoen+G702iRwStuhbGc81oeNfD1tNYSSLHvt5V+dBzsPZhXGab4ktPJwyjgdQcEn/AArqrTXBqFvDJ54/dKQrZBwM9D+VYyqSi00gtc8N1Cwk0+6aFwcdVYjqKq16P410+1uolu4WUEkggDgH8PWuBEA64rthU5kZuNmFtLMXEaudp4weafgpIYyORSxxmORWVeRzxRdzLJc5DYwoBPTnFPdhsiWPk/0PWrkCktjjB6nsKopIzfKBye/tVolvKCDJ6jNZyRaC7vlicwwAsijDFTjcfTPpWTJvkkLsOTWkIV/u0ohGPu5+oq4tLYlxbMry29KNjehrXW3HQKM1ItqO4GPYU+cXIYmxvSk2t6GugW0VuiDPWpVsIyOVINHOHIc1g+hpMH0rqRpaN0A6d6X+xlPYGjnDkOVorqToanoP0ph0AEHAB/CjnQcjOZoroW8PMCML19DUD6Eykj5qfOhcjMWlX7w+taTaNIOjVC2mXCjIGcU+ZBysrzdRUVWpba4wAYzxVcxuvVTQmJoD9xfxpuaU56GkpiCiiigCSL71EvUUkX3/AMKWXtS6j6EdSgZVTkdKiqeP7goYIjC5pdgx9afj60Dr9P50XHYbt49acAU5U9+lLnJAHr/Kk/hznjBNICQT4PzEgip1uUK/MMk96qsRyCM4waZ5a5xkjnFJxTHdotFwzfu5gPTnGK0tK1a608unLRvgE9awfL461IgC9CeRScE1YEzrp9YjliEIhVkcjLZ4z74rKFnG9yU83f3JUYHWspZWX5s/nU6Xki8hajka2KujYdIYo9qoqAdWAyWrDkgBuDwQG5XPpT3vJ3zkgA9cComkkcAFiQvIx2qkmgbR0Gl6O0kRdpoYz/AJCefc4HApt9YXT3+xGt1gRFRMP2UYz07nJP1rJgvpoGGM474NWLjUHl4WWRgfvLu4pWaDQtjSbrIRJLZ5CC3lrKN2AMnrVFZ+Dx+tLDevZ+bMgBlK+WmRnAPU/l/Oq4Un5gCoPbHSml3C5Z85j04qRZn9vzqqEZTk8jHWngNjqfegZdWZ+vr1qVJiD25PXNURu/vYPpT8kAH0pDNRZ8jIAJ71ZjusgkcEdhzWRHIVXO0VYWUbTgf1oA1lmDHIkGPUcVMsgzyx555rKikJwd3OORTkbDKdxOfU0gNXdGevOeKGEPXgD681nGTC5LEk4z35qQSBW6nI9KALRhj5GVIPrVdraNgBt69vSmCUsBk8c+9OExY5I9BxzigCF7JD2HIB6VWksFJJ2AitAykrkNwD35zShvMwGADZznOcUAYcumIVOVHHpVOTTYlJ4Iro2GckkAYwOecd6jKKxHBII+tO7FZHLNp4AyGNQtZSDp+tdO8IbsCD3NV3iPZOeucU+Zi5Uc4YJU5ximuGwNwPHetySLOBjkjpUDWxOcgVXMJxMelDMBgGr7W2e2B6mmfZM84FPmRPKyIjHPX+ppNuB64H60u0bxz05NO/hXB6nPWgYmDgn0FOKjovHy96TGVkJzyaecbsDHSgBMZLY/ug00AE9MFhkVIpBZcDPGD70h4QYxlWpDG4GcjB3c496UnsBx1xSkfeGO+4c9aMknqNp5H1oAVVyeeRjPHpSlOeOvXI7ihQeDn6GnIMg4yR2I7GkAgUHGMfTPX3o2rx8pI/z0pwC55UjHX2o5OQAPXA6H3FAxFUZz39KeNuT69aZ0bdkYPY9/8A69KpO7cx/P8ArQBL2A4NLk84yM+lNBBPVV46/wCetPBK475H1B+lIY9Y2Ycj9KXyyRjaPrTAVyccDHXPf/PrR5oBJwdw6ep+tAD8EE55A/SpFkUHknjsahEhyctz3Pp7D1pdxbvx0zSC5YzGSSAPzxTtyliFyAecH+tUydmV3ZxTt+3cD9aBlpWZRhiQfX39Kd57Lk7/AJiMYqsJOO2Bz9aTzSqkZJoAu/ae55z696BdZIHBxg1TD5JAJ45PPNBkLZy2cfjmgDQF0GXGeMZ6077RuI4y3t0+lZocEY547Y4p2/5sA8YwetAF4zjIyvyj2pDcCQEnIz1x2qojbFC5IOeuaDuRQWAWgC55+QDyMdifSl87DFcdR0H+NVCxzxytGQM54btzwKQFkz7CGB/A+tIZi7biAcdcHiqokIGMhj6HimPJuYjPuAO9MCy7KCQpzjvjioyUJztA7YxTPMDYyP8AGkd8NgncvVcUAI4XLYXjtz0qF4wW4bipc/NnrkdKapJHUfkKAMnJxngEnPFPzkluwGBilb/Wx/SmH/VSfWtDMUjcEUcEntT+VL9+3WoYvvpUif8ALWhgOycJzzQeQ2eT6Y4oTqtPb/W/hSAM/cfjng8cUgXh07g5ApP+Wa/71TL/AMfj/wC7SGMGcdAMjp6GlBG05BP96mN/H/vUn8JoAlU7vUsBx7j0oJUKOMKT27Gmf886kT/Vn/PrQMQ+5+bqRng0FuQckZ6E/wBaP+WMX+9/U0j/APLX6UAPB3gAj8P8KAQeCePXHH40w9Yv900L/rX/AAoAlwSSEBJI/i6//qpCc45XaOhHQ/1FRr9xf941PN99v+uX9aBjFyG+XOc88f0pR8wYfh16f596bH0j+o/lUj/8vH0NIBwbO0ALu9AORSB9oOzlQahHSH6VJF/rG+hoAUEDJXnHJI7mgAEBscjk81H/AMsY/wDfqaf/AFk/0oAbxnp8zdeOlKHV8KenbPBNMP8Aqo/oaLj7yfSgBWbDY7g4xQWKkkNwf0qDtF9f61K/+vb/AHKAJBIT1PGMdKUSYwCMgetVR/q5Pr/hViHo/wDu0AOMh6qAPbOMUpkxn9OahP8Arj/uinP/AK78BQCHg5HXGelNH93J9/amr0/H+lSH/XUDAA5y36UitjJ7nvmj+Mf7xqI/eWgRMXHQ857mmOGkbdwf97rUh/492+gqv2H0FAH/2Q=="
        },
        {
            "age": "3",
            "animal_type": "dog",
            "created_at": "1654676849.5521235",
            "id": "d1c87a2c-a5da-44a7-a4a3-5ec2d53f825e",
            "name": "jack",
            "pet_photo": "/static/images/upload2.jpg"
        }
    ]
},
--------------
